[Licensing::Module] Trying to connect to existing licensing client channel...
Built from '6000.5/staging' branch; Version is '6000.5.7f1 (017862109af0) revision 96354'; Using compiler version '194234433'; Build Type 'Release'
[Licensing::IpcConnector] Successfully connected to: "LicenseClient-elli0" at "2026-08-10T01:06:16.7343817Z"
OS: 'Windows 11  (10.0.26200) Professional' Language: 'en' Physical Memory: 15681 MB
BatchMode: 0, IsHumanControllingUs: 1, StartBugReporterOnCrash: 1, Is64bit: 1
System  architecture: x64
Process architecture: x64
Date: 2026-08-10T01:06:16Z

COMMAND LINE ARGUMENTS:
C:\Program Files\Unity\Hub\Editor\6000.5.7f1\Editor\Unity.exe
-projectpath
C:\Users\elli0\Documents\GitHub\Warboard
-acceptSoftwareTermsForThisRunOnly
-useHub
-hubIPC
-cloudEnvironment
production
-licensingIpc
LicenseClient-elli0
-hubSessionId
0b4f232c-1762-4864-b0d6-9d5283ca21f2
-accessToken
GDbW5sXpupDN1l46vjhMLOODnzW3omzswkqPf3r2vms005f
Successfully changed project path to: C:\Users\elli0\Documents\GitHub\Warboard
C:/Users/elli0/Documents/GitHub/Warboard
[UnityMemory] Configuration Parameters - Can be set up in boot.config
    "memorysetup-temp-allocator-size-gi-baking-worker=262144"
    "memorysetup-temp-allocator-size-gi-baking-worker=262144"
    "memorysetup-temp-allocator-size-gi-baking-worker=262144"
    "memorysetup-temp-allocator-size-gi-baking-worker=262144"
    "memorysetup-temp-allocator-size-gi-baking-worker=262144"
    "memorysetup-temp-allocator-size-nav-mesh-worker=65536"
    "memorysetup-temp-allocator-size-audio-worker=65536"
    "memorysetup-temp-allocator-size-cloud-worker=32768"
    "memorysetup-temp-allocator-size-gfx=262144"
    "memorysetup-temp-allocator-size-preload-manager=33554432"
    "memorysetup-allocator-temp-initial-block-size-main=262144"
    "memorysetup-allocator-temp-initial-block-size-worker=262144"
    "memorysetup-temp-allocator-size-job-worker=262144"
    "memorysetup-temp-allocator-size-background-worker=32768"
    "memorysetup-bucket-allocator-granularity=16"
    "memorysetup-bucket-allocator-bucket-count=8"
    "memorysetup-bucket-allocator-block-size=33554432"
    "memorysetup-bucket-allocator-block-count=8"
    "memorysetup-main-allocator-block-size=16777216"
    "memorysetup-thread-allocator-block-size=16777216"
    "memorysetup-main-allocator-mimalloc-enabled=0"
    "memorysetup-gfx-main-allocator-block-size=16777216"
    "memorysetup-gfx-thread-allocator-block-size=16777216"
    "memorysetup-cache-allocator-block-size=4194304"
    "memorysetup-typetree-allocator-block-size=2097152"
    "memorysetup-profiler-bucket-allocator-granularity=16"
    "memorysetup-profiler-bucket-allocator-bucket-count=8"
    "memorysetup-profiler-bucket-allocator-block-size=33554432"
    "memorysetup-profiler-bucket-allocator-block-count=8"
    "memorysetup-profiler-allocator-block-size=16777216"
    "memorysetup-profiler-editor-allocator-block-size=1048576"
    "memorysetup-temp-allocator-size-main=16777216"
    "memorysetup-job-temp-allocator-block-size=2097152"
    "memorysetup-job-temp-allocator-block-size-background=1048576"
    "memorysetup-job-temp-allocator-reduction-small-platforms=262144"
Player connection [34480]  Target information:

Player connection [34480]  * "[IP] 192.168.1.228 [Port] 55504 [Flags] 2 [Guid] 2164175371 [EditorId] 2164175371 [Version] 1048832 [Id] WindowsEditor(7,Elliot_Laptop) [Debug] 1 [PackageName] WindowsEditor [ProjectName] Editor" 

Player connection [34480] Host joined multi-casting on [225.0.0.222:54997]...
Player connection [34480] Host joined alternative multi-casting on [225.0.0.222:34997]...
Input System module state changed to: Initialized.
[Physics::Module] Initialized fallback backend.
[Physics::Module] Id: 0xdecafbad
[Package Manager] Connected to IPC stream "Upm-13364" after 0.3 seconds.
[Licensing::Module] Licensing is not yet initialized.
[Licensing::Client] Error: HandshakeResponse reported an error:
	ResponseCode: 505
	ResponseStatus: Unsupported protocol version '1.18.1'.
[Licensing::Module] Error: Failed to handshake to channel: "LicenseClient-elli0"
[Licensing::IpcConnector] LicenseClient-elli0 channel disconnected successfully.
[Licensing::IpcConnector] Channel LicenseClient-elli0-6000.5.7 doesn't exist
[Licensing::Module] Successfully launched the LicensingClient (PId: 27520)
Starting IPC server.
Waiting for clients to connect on \\.\pipe\Unity-LicenseClient-elli0-6000.5.7, press Ctrl-C to exit.
[Licensing::IpcConnector] Successfully connected to: "LicenseClient-elli0-6000.5.7" at "2026-08-10T01:06:18.2777112Z"
[Licensing::Client] Code 10 while verifying Licensing Client signature (process Id: 27520, path: "C:/Program Files/Unity/Hub/Editor/6000.5.7f1/Editor/Data/Resources/Licensing/Client/Unity.Licensing.Client.exe")
[Licensing::Module] LicensingClient has failed validation; ignoring
[Licensing::Client] Handshaking with LicensingClient:
  Version:                 1.18.1+9fbee8e
  Session Id:              f5a6965f726248b1b018f0529667a24a
  Correlation Id:          4c26821cd5bf170d98d9407ca33aa12c
  External correlation Id: 542889183339782712
  Machine Id:              JOUP1U45KtUV8sm1s/K3HmNb45Q=
[Licensing::Module] Successfully connected to LicensingClient on channel: "LicenseClient-elli0-6000.5.7" (connect: 0.37s, validation: 0.19s, handshake: 0.01s)
[Licensing::IpcConnector] Successfully connected to: "LicenseClient-elli0-6000.5.7-notifications" at "2026-08-10T01:06:18.474546Z"
[Licensing::Module] Connected to LicensingClient (PId: 27520, launch time: 0.01, total connection time: 0.57s)
[Licensing::Client] Successfully updated the access token
[Licensing::Module] Successfully updated the access token GDbW5sXpup...
[Licensing::Client] Successfully resolved entitlement details
[Licensing::Module] License group:
  Id: 5774099461094-UnityPersXXXX
  Product: Unity Personal
  Type: Assigned
  Expiration: Unlimited
[Licensing::Client] Successfully updated license, isAsync: True, time: 0.01
[Licensing::Client] Successfully resolved entitlement details
[Licensing::Module] Licensing Background thread has ended after 1.81s
[Licensing::Module] Licensing is initialized (took 1.24s).
[Licensing::Client] Successfully resolved entitlement details
Library Redirect Path: Library/
[Physics::Module] Selected backend.
[Physics::Module] Name: PhysX
[Physics::Module] Id: 0xf2b8ea05
[Physics::Module] SDK Version: 4.1.2
[Physics::Module] Integration Version: 1.0.0
[Physics::Module] Threading Mode: Multi-Threaded
Initialize engine version: 6000.5.7f1 (017862109af0)
[Subsystems] Discovering subsystems at path C:/Program Files/Unity/Hub/Editor/6000.5.7f1/Editor/Data/Resources/UnitySubsystems
[Subsystems] Discovering subsystems at path C:/Users/elli0/Documents/GitHub/Warboard/Assets
[D3D12 Device Filter] Vendor Name: ATI
[D3D12 Device Filter] Device Name: AMD Radeon (TM) Graphics
[D3D12 Device Filter] Driver Version: 31.0.21923.3003
[D3D12 Device Filter] Feature Level: 12.1
[D3D12 Device Filter] Graphics Memory: 7840 MB
[D3D12 Device Filter] Processor Count: 12
[D3D12 Device Filter] Device Type: Integrated
[D3D12 Device Filter] D3D12 API denied by user filter: {"Vendor": "ATI", "Device Type:": Integrated}
GfxDevice: creating device client; kGfxThreadingModeThreaded
Direct3D:
    Version:  Direct3D 11.0 [level 11.1]
    Renderer: AMD Radeon (TM) Graphics (ID=0x15e7)
    Vendor:   ATI
    VRAM:     7840 MB
    Driver:   31.0.21923.3003
Initialize mono
Mono path[0] = 'C:/Program Files/Unity/Hub/Editor/6000.5.7f1/Editor/Data/Managed'
Mono path[1] = 'C:/Program Files/Unity/Hub/Editor/6000.5.7f1/Editor/Data/BCLExtensions/runtime/netstandard2.1'
Mono path[2] = 'C:/Program Files/Unity/Hub/Editor/6000.5.7f1/Editor/Data/MonoBleedingEdge/lib/mono/unityjit-win32'
Mono config path = 'C:/Program Files/Unity/Hub/Editor/6000.5.7f1/Editor/Data/MonoBleedingEdge/etc'
Using monoOptions --debugger-agent=transport=dt_socket,embedding=1,server=y,suspend=n,address=127.0.0.1:56364
CodeReloadManager initialized
ImportWorker Server TCP listen port: 0
AcceleratorClientConnectionCallback - disconnected - :0
Begin MonoManager ReloadAssembly
Registering precompiled unity dll's ...
Register platform support module: C:/Program Files/Unity/Hub/Editor/6000.5.7f1/Editor/Data/PlaybackEngines/WebGLSupport/UnityEditor.WebGL.Extensions.dll
Register platform support module: C:/Program Files/Unity/Hub/Editor/6000.5.7f1/Editor/Data/PlaybackEngines/WindowsStandaloneSupport/UnityEditor.WindowsStandalone.Extensions.dll
Registered in 0.002471 seconds.
Native extension for WindowsStandalone target not found
Native extension for WebGL target not found
Package Manager log level set to [2]
ScheduleIndexationOnStartup MainProcess:False IndexOnStartup:True
Mono: successfully reloaded assembly
- Finished resetting the current domain, in  0.491 seconds
Domain Reload Profiling: 1052ms
	BeginReloadAssembly (148ms)
		CreateAndSetChildDomain (5ms)
	RebuildCommonClasses (6ms)
	RebuildNativeTypeToScriptingClass (17ms)
	initialDomainReloadingComplete (73ms)
	LoadAllAssembliesAndSetupDomain (314ms)
		LoadAssemblies (140ms)
		AnalyzeDomain (228ms)
			TypeCache.Refresh (227ms)
				TypeCache.ScanAssembly (211ms)
	FinalizeReload (495ms)
		SetupLoadedEditorAssemblies (0ms)
			InitializePlatformSupportModulesInManaged (3ms)
			BeforeProcessingInitializeOnLoad (105ms)
			ProcessInitializeOnLoadAttributes (113ms)
			ProcessInitializeOnLoadMethodAttributes (185ms)
[Licensing::Client] Successfully resolved entitlement details
Application.AssetDatabase Initial Refresh Start
[Package Manager] Restoring resolved packages state from cache
[Licensing::Client] Successfully resolved entitlement details
[Package Manager] Registered 4 packages:
  Built-in packages:
    com.unity.modules.physics@1.0.0 (location: C:\Users\elli0\Documents\GitHub\Warboard\Library\PackageCache\com.unity.modules.physics)
    com.unity.modules.imgui@1.0.0 (location: C:\Users\elli0\Documents\GitHub\Warboard\Library\PackageCache\com.unity.modules.imgui)
    com.unity.modules.jsonserialize@1.0.0 (location: C:\Users\elli0\Documents\GitHub\Warboard\Library\PackageCache\com.unity.modules.jsonserialize)
    com.unity.modules.unitywebrequest@1.0.0 (location: C:\Users\elli0\Documents\GitHub\Warboard\Library\PackageCache\com.unity.modules.unitywebrequest)
[Subsystems] No new subsystems found in resolved package list.
[Package Manager] Done registering packages in 0.01 seconds
[ScriptCompilation] Requested script compilation because: AssetDatabase observed changes in script compilation related files
info: Microsoft.Hosting.Lifetime[14]
      Now listening on: http://localhost:80
info: Microsoft.Hosting.Lifetime[0]
      Application started. Press Ctrl+C to shut down.
info: Microsoft.Hosting.Lifetime[0]
      Hosting environment: Production
info: Microsoft.Hosting.Lifetime[0]
      Content root path: C:\Users\elli0\Documents\GitHub\Warboard
info: Microsoft.AspNetCore.Hosting.Diagnostics[1]
      Request starting HTTP/2 POST http://ilpp/UnityILPP.PostProcessing/Ping - application/grpc -
info: Microsoft.AspNetCore.Routing.EndpointMiddleware[0]
      Executing endpoint 'gRPC - /UnityILPP.PostProcessing/Ping'
info: Microsoft.AspNetCore.Routing.EndpointMiddleware[1]
      Executed endpoint 'gRPC - /UnityILPP.PostProcessing/Ping'
info: Microsoft.AspNetCore.Hosting.Diagnostics[2]
      Request finished HTTP/2 POST http://ilpp/UnityILPP.PostProcessing/Ping - 200 - application/grpc 32.7011ms
Starting: C:\Program Files\Unity\Hub\Editor\6000.5.7f1\Editor\Data\Tools\BuildPipeline\bee_backend.exe --ipc --defer-dag-verification --dagfile="Library/Bee/1900b0aE.dag" --continue-on-failure --profile="Library/Bee/backend1.traceevents" ScriptAssemblies
WorkingDir: C:/Users/elli0/Documents/GitHub/Warboard
ExitCode: 0 Duration: 4s793ms
[162/168    4s] Csc Library/Bee/artifacts/1900b0aE.dag/Assembly-CSharp.dll (+2 others)
Assets\Scripts\Core\CoreRules11Completion.cs(46,16): warning CS0618: 'Object.FindObjectsOfType<T>()' is obsolete: 'Object.FindObjectsOfType has been deprecated. Use Object.FindObjectsByType instead which lets you decide whether you need the results sorted or not.  FindObjectsOfType sorts the results by InstanceID but if you do not need this using FindObjectSortMode.None is considerably faster.'

Assets\Scripts\Core\WarboardV45PhysicalSideTrays.cs(146,19): warning CS0618: 'FindObjectsSortMode' is obsolete: 'FindObjectsSortMode has been deprecated. Use the FindObjectsByType overloads that do not take a FindObjectsSortMode parameter.'

Assets\Scripts\Core\WarboardV45PhysicalSideTrays.cs(142,13): warning CS0618: 'Object.FindObjectsByType<T>(FindObjectsInactive, FindObjectsSortMode)' is obsolete: 'FindObjectsByType with FindObjectsSortMode parameter has been deprecated. Use FindObjectsByType<T>() or FindObjectsByType<T>(FindObjectsInactive) instead. InstanceID will be replaced in the future with EntityId and previous sort order cannot be maintained.'
[163/168    0s] CopyFiles Library/ScriptAssemblies/Assembly-CSharp.pdb
[164/168    0s] Csc Library/Bee/artifacts/1900b0aE.dag/Assembly-CSharp-Editor.dll (+2 others)
[165/168    0s] CopyFiles Library/ScriptAssemblies/Assembly-CSharp-Editor.pdb
[166/168    0s] CopyFiles Library/ScriptAssemblies/Assembly-CSharp.dll
[167/168    0s] CopyFiles Library/ScriptAssemblies/Assembly-CSharp-Editor.dll
*** Tundra build success (4.75 seconds), 6 items updated, 168 evaluated
Assets\Scripts\Core\CoreRules11Completion.cs(46,16): warning CS0618: 'Object.FindObjectsOfType<T>()' is obsolete: 'Object.FindObjectsOfType has been deprecated. Use Object.FindObjectsByType instead which lets you decide whether you need the results sorted or not.  FindObjectsOfType sorts the results by InstanceID but if you do not need this using FindObjectSortMode.None is considerably faster.'
Assets\Scripts\Core\WarboardV45PhysicalSideTrays.cs(146,19): warning CS0618: 'FindObjectsSortMode' is obsolete: 'FindObjectsSortMode has been deprecated. Use the FindObjectsByType overloads that do not take a FindObjectsSortMode parameter.'
Assets\Scripts\Core\WarboardV45PhysicalSideTrays.cs(142,13): warning CS0618: 'Object.FindObjectsByType<T>(FindObjectsInactive, FindObjectsSortMode)' is obsolete: 'FindObjectsByType with FindObjectsSortMode parameter has been deprecated. Use FindObjectsByType<T>() or FindObjectsByType<T>(FindObjectsInactive) instead. InstanceID will be replaced in the future with EntityId and previous sort order cannot be maintained.'
Total cache size 16069784
Total cache size after purge 16069784, took 00:00:00.0343847
AssetDatabase: script compilation time: 5.766097s
Begin MonoManager ReloadAssembly
Native extension for WindowsStandalone target not found
Native extension for WebGL target not found
ScheduleIndexationOnStartup MainProcess:True IndexOnStartup:True
Mono: successfully reloaded assembly
- Finished resetting the current domain, in  0.606 seconds
Domain Reload Profiling: 1108ms
	BeginReloadAssembly (288ms)
		DisableScriptedObjects (38ms)
		CreateAndSetChildDomain (57ms)
	RebuildCommonClasses (11ms)
	RebuildNativeTypeToScriptingClass (20ms)
	initialDomainReloadingComplete (48ms)
	LoadAllAssembliesAndSetupDomain (131ms)
		LoadAssemblies (159ms)
		AnalyzeDomain (13ms)
			TypeCache.Refresh (8ms)
				TypeCache.ScanAssembly (3ms)
			BuildScriptInfoCaches (3ms)
	FinalizeReload (610ms)
		SetupLoadedEditorAssemblies (0ms)
			InitializePlatformSupportModulesInManaged (3ms)
			BeforeProcessingInitializeOnLoad (114ms)
			ProcessInitializeOnLoadAttributes (134ms)
			ProcessInitializeOnLoadMethodAttributes (106ms)
			AfterProcessingInitializeOnLoad (9ms)
		AwakeInstancesAfterBackupRestoration (34ms)
Starting new worker id: 0 with log in C:/Users/elli0/Documents/GitHub/Warboard/Logs/AssetImportWorkerHW0.log

Asset Pipeline Refresh (id=3a53f1d996c828e41a181e16e8f6e8cf): Total: 7.188 seconds - Initiated by InitialRefreshV2(ForceSynchronousImport)
	(Values over 0.05ms)
	Summary:
		Imports: total=0 (actual=0, local cache=0, cache server=0)
		Asset DB Process Time: managed=0 ms, native=763 ms
		Asset DB Callback time: managed=102 ms, native=13 ms
		Scripting: domain reloads=1, domain reload time=532 ms, compile time=5769 ms, other=6 ms
		Project Asset Count: scripts=55, non-scripts=658
		Asset File Changes: new=0, changed=1, moved=0, deleted=0
		Scan Filter Count: 0
	InvokePackagesCallback: 10.373ms
	ApplyChangesToAssetFolders: 0.252ms
	Scan: 48.933ms
	Collect global state as custom dependencies: 10.202ms
	OnSourceAssetsModified: 0.770ms
	CategorizeScriptCompilationAssets: 0.301ms
	ProcessAssetsWithTransientArtifactChanges: 2.345ms
	CategorizeAssets: 6.996ms
	CompileScripts: 5769.148ms
	ImportOutOfDateAssets: 642.755ms (611.977ms without children)
		UnloadImportedAssets: 0.182ms
		EnsureUptoDateAssetsAreRegisteredWithGuidPM: 0.121ms
		ImportSchedulerStart: 30.470ms
	PostProcessAllAssets: 105.306ms
		VCAutoAddAssetPostprocess 2.458ms
		PostProcessCallbackCreateDeferredMaterials 0.052ms
		MonoPostProcessAllAssets: 101.842ms
			StyleCatalogPostProcessor.OnPostprocessAllAssets 23.688ms
			AssetPostprocessor.OnPostprocessAllAssets 20.028ms
			WindowAssetPostprocessingWatcher.OnPostprocessAllAssets 11.692ms
			AssetChangedListener.OnPostprocessAllAssets 11.387ms
			BuilderAssetPostprocessor.OnPostprocessAllAssets 7.148ms
			SyncVS.PostprocessSyncProject 2.168ms
			RetainedModeAssetPostprocessor.OnPostprocessAllAssets 1.834ms
			SpeedTree9Postprocessor.OnPostprocessAllAssets 1.489ms
			EditModeScopePostprocessor.OnPostprocessAllAssets 1.337ms
			TextAssetPostProcessor.OnPostprocessAllAssets 1.069ms
			ArtifactBrowserPostProcessor.OnPostprocessAllAssets 0.738ms
			TerrainToolbarOverlayPostProcessor.OnPostprocessAllAssets 0.529ms
			AudioMixerPostprocessor.OnPostprocessAllAssets 0.513ms
			ReferencedClipsPostProcessor.OnPostprocessAllAssets 0.461ms
			AssetEvents.OnPostprocessAllAssets 0.399ms
			SpeedTreePostProcessor.OnPostprocessAllAssets 0.285ms
			AssetDatabaseCallbacks.OnPostprocessAllAssets 0.252ms
			AudioContainerPostProcessor.OnPostprocessAllAssets 0.224ms
			ConfigAssetsTracker.OnPostprocessAllAssets 0.205ms
			ScenarioDriftAssetsTracker.OnPostprocessAllAssets 0.185ms
			RenderPipelineGlobalSettingsPostprocessor.OnPostprocessAllAssets 0.181ms
	PostAssetChangesProfiler: 2.868ms
	UnloadStreamsBegin: 1.754ms
	Untracked: 577.472ms

Application.AssetDatabase Initial Refresh End
Launched and connected shader compiler UnityShaderCompiler.exe after 0.02 seconds
Scanning for USB devices : 5.375ms
Initializing Unity extensions:
[MODES] ModeService[none].Initialize
[MODES] ModeService[none].LoadModes
[MODES] Loading mode Default (0) for mode-current-id-Warboard_Unity6_v26_1_ReservePlacementFix_FLAT
Unloading 3 Unused Serialized files (Serialized files now loaded: 0)
Unloading 92 unused Assets / (0.5 MB). Loaded Objects now: 746.
Memory consumption went from 208.4 MB to 207.9 MB.
Total: 8.641200 ms (FindLiveObjects: 0.091300 ms CreateObjectMapping: 0.035400 ms MarkObjects: 7.991900 ms  DeleteObjects: 0.515400 ms)

[LAYOUT] About to load UserSettings\Layouts\default-6000.dwlt, keepMainWindow=False
[LAYOUT] About to save layout C:\Users\elli0\Documents\GitHub\Warboard\UserSettings\Layouts\default-6000.dwlt
[LAYOUT] About to save layout C:/Users/elli0/AppData/Roaming/Unity/Editor-5.x/Preferences\Layouts\current\default-6000.dwlt
[MODES] ModeService[default].InitializeCurrentMode
[MODES] ModeService[default].RaiseModeChanged(default, default)
This project uses Input Manager, which is marked for deprecation. To manage input in your project, use the <a href="https://docs.unity3d.com/Packages/com.unity.inputsystem@latest">Input System package</a> instead.
<RI> Initializing input.
XInput1_3.dll not found. Trying XInput9_1_0.dll instead...
<RI> Input initialized.
[Project] Loading completed in 12.780 seconds
	Project init time: 				11.126 seconds
		Template init time: 		0.000 seconds
		Package Manager init time: 		1.574 seconds
		Asset Database init time: 		0.751 seconds
		Global illumination init time: 	0.002 seconds
		Assemblies load time: 			1.104 seconds
		Unity extensions init time: 	0.001 seconds
		Asset Database refresh time: 	7.189 seconds
	Scene opening time: 			1.431 seconds
##utp:{"type":"ProjectInfo","version":2,"phase":"Immediate","time":1786323989506,"processId":13364,"projectLoad":12.7801324,"projectInit":11.1258212,"templateInit":0.0,"packageManagerInit":1.5735326,"assetDatabaseInit":0.7509666,"globalIlluminationInit":0.0022532,"assembliesLoad":1.1042443,"unityExtensionsInit":0.0010292,"assetDatabaseRefresh":7.1886392,"sceneOpening":1.4307456}
##utp:{"type":"EditorInfo","version":2,"phase":"Immediate","time":1786323989506,"processId":13364,"editorVersion":"6000.5.7f1 (017862109af0)","branch":"6000.5/staging","buildType":"Release","platform":"Windows"}
D3D11 device created for Microsoft Media Foundation video decoding.
Asset Pipeline Refresh (id=e8c1ea7a6801b9a409753d88de681e45): Total: 0.046 seconds - Initiated by RefreshV2(AllowForceSynchronousImport)
Worker ready: AssetImportWorkerHW0 0
Dynamic Batching is deprecated and will be removed in a future release. Use GPU Instancing instead. Disable Dynamic Batching in Project Settings > Player > Other Settings to remove this warning.
UnityEngine.Debug:ExtractStackTraceNoAlloc (byte*,int,string)
UnityEngine.StackTraceUtility:ExtractStackTrace ()
UnityEngine.DebugLogHandler:Internal_Log (UnityEngine.LogType,UnityEngine.LogOption,string,UnityEngine.Object)
UnityEngine.DebugLogHandler:LogFormat (UnityEngine.LogType,UnityEngine.Object,string,object[])
UnityEngine.Logger:Log (UnityEngine.LogType,object)
UnityEngine.Debug:LogWarning (object)
UnityEditor.PlayerSettingsBatchingWarning:WarnIfDynamicBatchingEnabled ()
UnityEditor.EditorApplication:Internal_CallUpdateFunctions ()

Start Indexing on Editor startup
[Indexing] Starting Initial Indexing for Assets
Created GICache directory at C:/Users/elli0/AppData/LocalLow/Unity/Caches/GiCache. Took: 0.017s, timestamps: [13.949 - 13.966]
[Licensing::Client] Successfully resolved entitlement details
[Licensing::Client] Successfully resolved entitlement details
[Licensing::Client] Successfully updated the access token
[Licensing::Module] Successfully updated access token: "GDbW5sXp"... (expires: 2026-08-10T01:55:52Z)
Starting new worker id: 1 with log in C:/Users/elli0/Documents/GitHub/Warboard/Logs/AssetImportWorkerHW1.log
[Licensing::Client] Successfully resolved entitlement details
[Worker0] Imported GUID: fd7ceded53c0e554abc0dcada1e4022e - Path: Assets/Scripts/Core/WarboardV45PhysicalSideTrays.cs - Importer: ScriptedImporter/UnityEditor.QuickSearchModule:UnityEditor.Search:ASIAI0B -> (ImportResultId: '8696edaefca2ef961c198497206635e4') in 0.1802936 seconds
Worker ready: AssetImportWorkerHW1 1
Reloading assemblies for play mode.
Reloading assemblies after forced synchronous recompile.
Begin MonoManager ReloadAssembly
Native extension for WindowsStandalone target not found
Native extension for WebGL target not found
ScheduleIndexationOnStartup MainProcess:True IndexOnStartup:True
[MODES] ModeService[none].Initialize
[MODES] ModeService[none].LoadModes
Mono: successfully reloaded assembly
- Finished resetting the current domain, in  1.194 seconds
Domain Reload Profiling: 1756ms
	BeginReloadAssembly (389ms)
		DisableScriptedObjects (105ms)
		CreateAndSetChildDomain (113ms)
	RebuildCommonClasses (10ms)
	RebuildNativeTypeToScriptingClass (18ms)
	initialDomainReloadingComplete (47ms)
	LoadAllAssembliesAndSetupDomain (97ms)
		LoadAssemblies (113ms)
		AnalyzeDomain (6ms)
			TypeCache.Refresh (4ms)
	FinalizeReload (1195ms)
		SetupLoadedEditorAssemblies (0ms)
			InitializePlatformSupportModulesInManaged (3ms)
			BeforeProcessingInitializeOnLoad (99ms)
			ProcessInitializeOnLoadAttributes (87ms)
			ProcessInitializeOnLoadMethodAttributes (86ms)
			AfterProcessingInitializeOnLoad (7ms)
		AwakeInstancesAfterBackupRestoration (555ms)

Asset Pipeline Refresh (id=8f3a0d159ced9d54c8b2f7c12103a6a8): Total: 1.895 seconds - Initiated by StopAssetImportingV2(ForceSynchronousImport | ForceDomainReload)
	(Values over 0.05ms)
	Summary:
		Imports: total=0 (actual=0, local cache=0, cache server=0)
		Asset DB Process Time: managed=0 ms, native=1245 ms
		Asset DB Callback time: managed=50 ms, native=5 ms
		Scripting: domain reloads=1, domain reload time=591 ms, compile time=2 ms, other=0 ms
		Project Asset Count: scripts=55, non-scripts=658
		Asset File Changes: new=0, changed=0, moved=0, deleted=0
		Scan Filter Count: 0
	InvokePackagesCallback: 1.996ms
	Collect global state as custom dependencies: 1.037ms
	ProcessAssetsWithTransientArtifactChanges: 3.101ms
	CategorizeAssets: 4.891ms
	CompileScripts: 1.752ms
	ImportOutOfDateAssets: 1201.286ms (1195.584ms without children)
		UnloadImportedAssets: 1.514ms
		EnsureUptoDateAssetsAreRegisteredWithGuidPM: 0.108ms
		ImportSchedulerStart: 4.076ms
	PostProcessAllAssets: 54.910ms
		PostProcessCallbackCreateDeferredMaterials 0.563ms
		ShaderAssetModifiedCallback 0.330ms
		RaytracingShaderImportPostprocess 0.095ms
		ComputeShaderImportPostprocess 0.092ms
		SpeedTreeImporter.PostprocessAllAssets 0.080ms
		BlockShaderImporter.PostprocessAllAssets 0.059ms
		LocalizationDatabase.AssetDatabasePostprocessCallback 0.051ms
		MonoPostProcessAllAssets: 50.687ms
			WindowAssetPostprocessingWatcher.OnPostprocessAllAssets 10.306ms
			BuilderAssetPostprocessor.OnPostprocessAllAssets 8.851ms
			AssetPostprocessor.OnPostprocessAllAssets 7.059ms
			AssetChangedListener.OnPostprocessAllAssets 3.210ms
			RetainedModeAssetPostprocessor.OnPostprocessAllAssets 2.152ms
			SyncVS.PostprocessSyncProject 1.644ms
			SpeedTree9Postprocessor.OnPostprocessAllAssets 1.277ms
			TextAssetPostProcessor.OnPostprocessAllAssets 1.240ms
			ArtifactBrowserPostProcessor.OnPostprocessAllAssets 0.793ms
			AudioMixerPostprocessor.OnPostprocessAllAssets 0.544ms
			ReferencedClipsPostProcessor.OnPostprocessAllAssets 0.439ms
			AssetEvents.OnPostprocessAllAssets 0.396ms
			StyleCatalogPostProcessor.OnPostprocessAllAssets 0.394ms
			EditModeScopePostprocessor.OnPostprocessAllAssets 0.391ms
			SpeedTreePostProcessor.OnPostprocessAllAssets 0.245ms
			AssetDatabaseCallbacks.OnPostprocessAllAssets 0.230ms
			TerrainToolbarOverlayPostProcessor.OnPostprocessAllAssets 0.222ms
			ConfigAssetsTracker.OnPostprocessAllAssets 0.184ms
			ScenarioDriftAssetsTracker.OnPostprocessAllAssets 0.179ms
			RenderPipelineGlobalSettingsPostprocessor.OnPostprocessAllAssets 0.138ms
			AudioContainerPostProcessor.OnPostprocessAllAssets 0.129ms
	PostAssetChangesProfiler: 0.428ms
	UnloadStreamsBegin: 1.532ms
	Untracked: 619.801ms

AudioListener component deleted: Component belongs to a disabled built-in package.
Loaded scene 'Temp/__Backupscenes/0.backup'
	Deserialize:            0.743 ms
	Integration:            42.261 ms
	Integration of assets:  0.002 ms
	Thread Wait Time:       0.023 ms
	Total Operation Time:   43.029 ms
[Licensing::Client] Successfully resolved entitlement details
Asset Pipeline Refresh (id=eae49d3bdaab1fa46a4f5a7d325fbb15): Total: 0.013 seconds - Initiated by RefreshV2(NoUpdateAssetOptions)
TrimDiskCacheJob: Current cache size 0mb
Warboard Custodes Model Pack loaded: 104 indexed objects.
UnityEngine.Debug:ExtractStackTraceNoAlloc (byte*,int,string)
UnityEngine.StackTraceUtility:ExtractStackTrace ()
UnityEngine.DebugLogHandler:Internal_Log (UnityEngine.LogType,UnityEngine.LogOption,string,UnityEngine.Object)
UnityEngine.DebugLogHandler:LogFormat (UnityEngine.LogType,UnityEngine.Object,string,object[])
UnityEngine.Logger:Log (UnityEngine.LogType,object)
UnityEngine.Debug:Log (object)
CustodesModelPackResolver:EnsureLoaded () (at Assets/Scripts/Core/CustodesModelPackResolver.cs:24)
CustodesModelPackResolver:TryResolve (string,string,int) (at Assets/Scripts/Core/CustodesModelPackResolver.cs:119)
ModelVisualRegistry:Resolve (string,string,int) (at Assets/Scripts/Core/ModelVisualRegistry.cs:771)
SquadController:CreateModels () (at Assets/Scripts/Core/SquadController.cs:311)
SquadController:Initialize (UnitData) (at Assets/Scripts/Core/SquadController.cs:283)
GameController:SpawnSquad (string,UnityEngine.Vector3) (at Assets/Scripts/Core/GameController.Core.cs:433)
GameController:LoadArmy (string) (at Assets/Scripts/Core/GameController.Setup.cs:222)
GameController:LoadBuiltInTestArmies () (at Assets/Scripts/Core/GameController.Core.cs:463)
GameController:OnGUI () (at Assets/Scripts/Core/GameController.UI.cs:3442)

(Filename: Assets/Scripts/Core/CustodesModelPackResolver.cs Line: 24)

Warboard Aeldari Model Pack loaded from Resources/Armies/Models/Aeldari: 209 indexed objects.
UnityEngine.Debug:ExtractStackTraceNoAlloc (byte*,int,string)
UnityEngine.StackTraceUtility:ExtractStackTrace ()
UnityEngine.DebugLogHandler:Internal_Log (UnityEngine.LogType,UnityEngine.LogOption,string,UnityEngine.Object)
UnityEngine.DebugLogHandler:LogFormat (UnityEngine.LogType,UnityEngine.Object,string,object[])
UnityEngine.Logger:Log (UnityEngine.LogType,object)
UnityEngine.Debug:Log (object)
ModelVisualRegistry:EnsurePackLoaded () (at Assets/Scripts/Core/ModelVisualRegistry.cs:146)
ModelVisualRegistry:TryResolvePack (string,string,int) (at Assets/Scripts/Core/ModelVisualRegistry.cs:404)
ModelVisualRegistry:Resolve (string,string,int) (at Assets/Scripts/Core/ModelVisualRegistry.cs:781)
SquadController:CreateModels () (at Assets/Scripts/Core/SquadController.cs:311)
SquadController:Initialize (UnitData) (at Assets/Scripts/Core/SquadController.cs:283)
GameController:SpawnSquad (string,UnityEngine.Vector3) (at Assets/Scripts/Core/GameController.Core.cs:433)
GameController:LoadArmy (string) (at Assets/Scripts/Core/GameController.Setup.cs:222)
GameController:LoadBuiltInTestArmies () (at Assets/Scripts/Core/GameController.Core.cs:463)
GameController:OnGUI () (at Assets/Scripts/Core/GameController.UI.cs:3442)

(Filename: Assets/Scripts/Core/ModelVisualRegistry.cs Line: 146)

Asset Pipeline Refresh (id=2ac4cdfb2a58f2e4b819e31dddb58e8e): Total: 0.004 seconds - Initiated by RefreshV2(NoUpdateAssetOptions)
Asset Pipeline Refresh (id=51107fdaf1949f04fad8d9614ac9acb9): Total: 0.003 seconds - Initiated by RefreshV2(NoUpdateAssetOptions)
Asset Pipeline Refresh (id=1508c2139716eaf478d51658ff7a1f52): Total: 0.003 seconds - Initiated by RefreshV2(NoUpdateAssetOptions)
Asset Pipeline Refresh (id=b1770d6bb1701744fad4d34bc514ff9f): Total: 0.003 seconds - Initiated by RefreshV2(NoUpdateAssetOptions)
Asset Pipeline Refresh (id=d5806c6b1b7267e4888ba8d25c75a698): Total: 0.003 seconds - Initiated by RefreshV2(NoUpdateAssetOptions)
Asset Pipeline Refresh (id=061f757fa361c374f853ad0e465ecb34): Total: 0.003 seconds - Initiated by RefreshV2(NoUpdateAssetOptions)
Asset Pipeline Refresh (id=cf6fdd4abfa16cd49b9043a7f534d72c): Total: 0.003 seconds - Initiated by RefreshV2(NoUpdateAssetOptions)
Asset Pipeline Refresh (id=0b54b60f067efe54e9d71343829cfccf): Total: 0.003 seconds - Initiated by RefreshV2(NoUpdateAssetOptions)
Asset Pipeline Refresh (id=b310bdb2349c3184e9fa9097a3954453): Total: 0.003 seconds - Initiated by RefreshV2(NoUpdateAssetOptions)
Asset Pipeline Refresh (id=fcbdbea7ed240ef488ee349ad96f8bdd): Total: 0.004 seconds - Initiated by RefreshV2(NoUpdateAssetOptions)
Asset Pipeline Refresh (id=c77a18b43d440ee4e88663a7ddadaf15): Total: 0.003 seconds - Initiated by RefreshV2(NoUpdateAssetOptions)
Asset Pipeline Refresh (id=4209a1d5f694f9542834882e882f0a14): Total: 0.003 seconds - Initiated by RefreshV2(NoUpdateAssetOptions)
Asset Pipeline Refresh (id=34a34032db07f0d4bae2a04fe4f285eb): Total: 0.003 seconds - Initiated by RefreshV2(NoUpdateAssetOptions)
Asset Pipeline Refresh (id=1e247151d55294448b058bb48f62b0dc): Total: 0.003 seconds - Initiated by RefreshV2(NoUpdateAssetOptions)
Asset Pipeline Refresh (id=4bcb6f3d0a223d547a48e6dd603438a9): Total: 0.003 seconds - Initiated by RefreshV2(NoUpdateAssetOptions)
Asset Pipeline Refresh (id=c219e07ddcc82104ca2bb6d89c585732): Total: 0.003 seconds - Initiated by RefreshV2(NoUpdateAssetOptions)
MonoPathRemapper: Attempts to remap: 3638; Successful remaps: 16
Serialized file version minimum: 23, current 23
[LAYOUT] About to save layout C:\Users\elli0\Documents\GitHub\Warboard\UserSettings\Layouts\default-6000.dwlt
[LAYOUT] About to save layout C:/Users/elli0/AppData/Roaming/Unity/Editor-5.x/Preferences\Layouts\current\default-6000.dwlt
[Physics::Module] Cleanup current backend.
[Physics::Module] Id: 0xf2b8ea05
Input System module state changed to: ShutdownInProgress.
Input Polling Thread exited.
Input System module state changed to: Shutdown.
[Licensing::IpcConnector] LicenseClient-elli0-6000.5.7-notifications channel disconnected successfully.
[Licensing::IpcConnector] LicenseClient-elli0-6000.5.7 channel disconnected successfully.
Shut down.
AcceleratorClientConnectionCallback - disconnected - :0
Cleanup mono
CodeReloadManager destroyed
abort_threads: Failed aborting id: 0000000000000968, mono_thread_manage will ignore it

abort_threads: Failed aborting id: 0000000000000968, mono_thread_manage will ignore it

debugger-agent: Unable to listen on 5920
Checking for leaked weakptr:
  Found no leaked weakptrs.
[Package Manager] Server process was shutdown
##utp:{"type":"MemoryLeaks","version":2,"phase":"Immediate","time":1786324318939,"processId":13364,"allocatedMemory":45850036,"memoryLabels":[{"Default":165373},{"Permanent":15516},{"NewDelete":66241},{"Thread":4197560},{"Manager":32517},{"VertexData":8},{"Geometry":816},{"Texture":24},{"Shader":837400},{"Material":24},{"GfxDevice":55328},{"Animation":952},{"Audio":880},{"FreeType":8},{"FontEngine":736},{"Physics":2146},{"Physics2D":16},{"Serialization":94664},{"Input":42840},{"JobScheduler":256},{"TextLib":19030},{"Mono":48},{"ScriptingNativeRuntime":674964},{"BaseObject":1734314},{"Resource":1208},{"Renderer":3080},{"Transform":4685},{"File":1032},{"WebCam":616},{"Culling":32},{"Terrain":11442},{"Wind":24},{"STL":40},{"String":9900},{"StaticString":3808},{"Utility":2673402},{"Curl":48},{"PoolAlloc":2168},{"AI":80},{"TypeTree":17165},{"CodeReload":448},{"RuntimeInitializeOnLoadManager":64},{"Sprites":102},{"SpriteAtlas":120},{"GI":7816},{"Director":8296},{"CloudService":7352},{"WebRequest":10738},{"VR":47114},{"SceneManager":608},{"Video":208},{"LazyScriptCache":32},{"NativeArray":33042128},{"Camera":17},{"Secure":265},{"SerializationCache":1576},{"APIUpdating":10320},{"Subsystems":336},{"VirtualTexturing":57888},{"StaticSafetyDebugInfo":278528},{"Analytics":552},{"Hierarchy":1176},{"UIElements":185192},{"CoreStats":13688},{"Identifiers":6768},{"Gui":128},{"EditorUtility":196457},{"VersionControl":8},{"Undo":931},{"AssetDatabase":1248427},{"AssetImporter":40},{"EditorGi":328},{"UnityConnect":35345},{"Upm":1988},{"UpmDiagnostics":8},{"AssetCompliance":64},{"DrivenProperties":72},{"LocalIPC":211},{"ProfilerEditor":9746},{"CoreBusinessMetrics":3480},{"Windowing":456},{"Licensing":664},{"AssetReference":32},{"IPCStream":32}]}
