[2026-08-09T19:16:26.392Z][INFO] Command-line: 'C:\\Program Files\\Unity\\Hub\\Editor\\6000.5.7f1\\Editor\\Data\\Resources\\PackageManager\\Server\\UnityPackageManager.exe' server -s 24572 --ipc-path Unity-Upm-24572 -l 2 --log-file C:\\Users\\elli0\\Documents\\GitHub\\Warboard/Logs/upm.log
[2026-08-09T19:16:26.454Z][INFO] IPC server started (IPC path=Unity-Upm-24572).
[2026-08-09T19:16:26.454Z][INFO] Hint: To connect to this UPM instance, launch Unity with the command-line parameter -upmIpcPath Upm-24572.
[2026-08-09T19:16:29.688Z][INFO] project:list-packages <-- Request received
params: {}
[2026-08-09T19:16:29.794Z][INFO] project:list-packages --> 200 (105 ms)
[2026-08-09T19:16:29.853Z][INFO] project:list-packages <-- Request received
params: {}
[2026-08-09T19:16:29.872Z][INFO] config:project:get-registries <-- Request received
params: {}
[2026-08-09T19:16:29.879Z][INFO] config:project:get-registries --> 200 (8 ms)
[2026-08-09T19:16:29.899Z][INFO] project:list-packages --> 200 (46 ms)
[2026-08-09T19:16:39.864Z][INFO] project:list-packages <-- Request received
params: {}
[2026-08-09T19:16:39.902Z][INFO] project:list-packages <-- Request received
params: {}
[2026-08-09T19:16:39.928Z][INFO] project:list-packages --> 200 (65 ms)
[2026-08-09T19:16:39.948Z][INFO] project:list-packages --> 200 (45 ms)
[2026-08-09T19:16:39.987Z][INFO] config:project:get-registries <-- Request received
params: {}
[2026-08-09T19:16:39.991Z][INFO] config:project:get-registries --> 200 (5 ms)
[2026-08-09T19:16:41.468Z][INFO] project:list-packages <-- Request received
params: {}
[2026-08-09T19:16:41.503Z][INFO] project:list-packages --> 200 (35 ms)
[2026-08-09T19:16:43.482Z][INFO] project:list-packages <-- Request received
params: {}
[2026-08-09T19:16:43.782Z][INFO] project:list-packages --> 200 (300 ms)
[2026-08-09T19:17:15.354Z][INFO] project:list-packages <-- Request received
params: {}
[2026-08-09T19:17:15.384Z][INFO] project:list-packages --> 200 (30 ms)
[2026-08-09T19:17:15.449Z][INFO] config:project:get-registries <-- Request received
params: {}
[2026-08-09T19:17:15.454Z][INFO] config:project:get-registries --> 200 (5 ms)
[2026-08-09T19:17:19.722Z][INFO] project:list-packages <-- Request received
params: {}
[2026-08-09T19:17:19.744Z][INFO] project:list-packages --> 200 (23 ms)
[2026-08-09T19:17:19.804Z][INFO] config:project:get-registries <-- Request received
params: {}
[2026-08-09T19:17:19.808Z][INFO] config:project:get-registries --> 200 (4 ms)
[2026-08-09T19:17:24.061Z][INFO] project:list-packages <-- Request received
params: {}
[2026-08-09T19:17:24.086Z][INFO] project:list-packages --> 200 (25 ms)
[2026-08-09T19:17:24.161Z][INFO] config:project:get-registries <-- Request received
params: {}
[2026-08-09T19:17:24.170Z][INFO] config:project:get-registries --> 200 (9 ms)
